[Licensing::Module] Trying to connect to existing licensing client channel...
Built from '6000.3/staging' branch; Version is '6000.3.7f1 (696ec25a53d1) revision 6909634'; Using compiler version '194234433'; Build Type 'Release'
[Licensing::IpcConnector] Successfully connected to: "LicenseClient-mdsor" at "2026-02-26T22:01:01.6932416Z"
OS: 'Windows 11  (10.0.26200) CoreSingleLanguage' Language: 'en' Physical Memory: 32637 MB
BatchMode: 1, IsHumanControllingUs: 0, StartBugReporterOnCrash: 0, Is64bit: 1
System  architecture: x64
Process architecture: x64
Date: 2026-02-26T22:01:01Z

COMMAND LINE ARGUMENTS:
C:\Program Files\Unity\Hub\Editor\6000.3.7f1\Editor\Unity.exe
-adb2
-batchMode
-noUpm
-name
AssetImportWorker2
-projectPath
C:/Users/mdsor/GameProjects/D20_SRD_Game
-logFile
Logs/AssetImportWorker2.log
-srvPort
55849
-licensingIpc
LicenseClient-mdsor
-job-worker-count
5
-background-job-worker-count
8
-gc-helper-count
1
-name
AssetImport
Successfully changed project path to: C:/Users/mdsor/GameProjects/D20_SRD_Game
C:/Users/mdsor/GameProjects/D20_SRD_Game
[UnityMemory] Configuration Parameters - Can be set up in boot.config
    "memorysetup-temp-allocator-size-nav-mesh-worker=65536"
    "memorysetup-temp-allocator-size-audio-worker=65536"
    "memorysetup-temp-allocator-size-gfx=262144"
    "memorysetup-allocator-temp-initial-block-size-main=262144"
    "memorysetup-allocator-temp-initial-block-size-worker=262144"
    "memorysetup-temp-allocator-size-background-worker=32768"
    "memorysetup-temp-allocator-size-job-worker=262144"
    "memorysetup-temp-allocator-size-preload-manager=33554432"
    "memorysetup-temp-allocator-size-gi-baking-worker=262144"
    "memorysetup-temp-allocator-size-gi-baking-worker=262144"
    "memorysetup-temp-allocator-size-gi-baking-worker=262144"
    "memorysetup-temp-allocator-size-gi-baking-worker=262144"
    "memorysetup-temp-allocator-size-gi-baking-worker=262144"
    "memorysetup-bucket-allocator-granularity=16"
    "memorysetup-bucket-allocator-bucket-count=8"
    "memorysetup-bucket-allocator-block-size=33554432"
    "memorysetup-bucket-allocator-block-count=8"
    "memorysetup-main-allocator-block-size=16777216"
    "memorysetup-thread-allocator-block-size=16777216"
    "memorysetup-gfx-main-allocator-block-size=16777216"
    "memorysetup-gfx-thread-allocator-block-size=16777216"
    "memorysetup-cache-allocator-block-size=4194304"
    "memorysetup-typetree-allocator-block-size=2097152"
    "memorysetup-profiler-bucket-allocator-granularity=16"
    "memorysetup-profiler-bucket-allocator-bucket-count=8"
    "memorysetup-profiler-bucket-allocator-block-size=33554432"
    "memorysetup-profiler-bucket-allocator-block-count=8"
    "memorysetup-profiler-allocator-block-size=16777216"
    "memorysetup-profiler-editor-allocator-block-size=1048576"
    "memorysetup-temp-allocator-size-main=16777216"
    "memorysetup-job-temp-allocator-block-size=2097152"
    "memorysetup-job-temp-allocator-block-size-background=1048576"
    "memorysetup-job-temp-allocator-reduction-small-platforms=262144"
    "memorysetup-temp-allocator-size-cloud-worker=32768"
Player connection [36748]  Target information:

Player connection [36748]  * "[IP] 172.23.192.1 [Port] 0 [Flags] 2 [Guid] 2152348573 [EditorId] 2152348573 [Version] 1048832 [Id] WindowsEditor(7,TheMrRafflesPC) [Debug] 1 [PackageName] WindowsEditor [ProjectName] Editor" 

Player connection [36748]  * "[IP] 100.118.238.69 [Port] 0 [Flags] 2 [Guid] 2152348573 [EditorId] 2152348573 [Version] 1048832 [Id] WindowsEditor(7,TheMrRafflesPC) [Debug] 1 [PackageName] WindowsEditor [ProjectName] Editor" 

Player connection [36748]  * "[IP] 192.168.1.71 [Port] 0 [Flags] 2 [Guid] 2152348573 [EditorId] 2152348573 [Version] 1048832 [Id] WindowsEditor(7,TheMrRafflesPC) [Debug] 1 [PackageName] WindowsEditor [ProjectName] Editor" 

Player connection [36748] Host joined multi-casting on [225.0.0.222:54997]...
Player connection [36748] Host joined alternative multi-casting on [225.0.0.222:34997]...
JobSystem: Creating JobQueue using job-worker-count value 5
Input System module state changed to: Initialized.
[Physics::Module] Initialized fallback backend.
[Physics::Module] Id: 0xdecafbad
Library Redirect Path: Library/
[Physics::Module] Selected backend.
[Physics::Module] Name: PhysX
[Physics::Module] Id: 0xf2b8ea05
[Physics::Module] SDK Version: 4.1.2
[Physics::Module] Integration Version: 1.0.0
[Physics::Module] Threading Mode: Multi-Threaded
Refreshing native plugins compatible for Editor in 6.69 ms, found 3 plugins.
Preloading 0 native plugins for Editor in 0.00 ms.
Initialize engine version: 6000.3.7f1 (696ec25a53d1)
[Subsystems] Discovering subsystems at path C:/Program Files/Unity/Hub/Editor/6000.3.7f1/Editor/Data/Resources/UnitySubsystems
[Subsystems] Discovering subsystems at path C:/Users/mdsor/GameProjects/D20_SRD_Game/Assets
GfxDevice: creating device client; kGfxThreadingModeNonThreaded
Direct3D:
    Version:  Direct3D 11.0 [level 11.1]
    Renderer: NVIDIA GeForce RTX 2060 (ID=0x1f15)
    Vendor:   NVIDIA
    VRAM:     5955 MB
    Driver:   32.0.15.9186
Initialize mono
Mono path[0] = 'C:/Program Files/Unity/Hub/Editor/6000.3.7f1/Editor/Data/Managed'
Mono path[1] = 'C:/Program Files/Unity/Hub/Editor/6000.3.7f1/Editor/Data/MonoBleedingEdge/lib/mono/unityjit-win32'
Mono config path = 'C:/Program Files/Unity/Hub/Editor/6000.3.7f1/Editor/Data/MonoBleedingEdge/etc'
Using monoOptions --debugger-agent=transport=dt_socket,embedding=1,server=y,suspend=n,address=127.0.0.1:56756
Begin MonoManager ReloadAssembly
Registering precompiled unity dll's ...
Register platform support module: C:/Program Files/Unity/Hub/Editor/6000.3.7f1/Editor/Data/PlaybackEngines/WindowsStandaloneSupport/UnityEditor.WindowsStandalone.Extensions.dll
[Licensing::Module] Licensing is not yet initialized.
[Licensing::Client] Handshaking with LicensingClient:
  Version:                 1.17.4+4293ba1
  Session Id:              5aacd6eda2e043fcbd004248f888bbc0
  Correlation Id:          21f23d0a0be55e3fa7fe51dd9405624e
  External correlation Id: 5138859973848048454
  Machine Id:              gJ8WiW6nOjqhEupj5TO7Xvs75us=
[Licensing::Module] Successfully connected to LicensingClient on channel: "LicenseClient-mdsor" (connect: 0.00s, validation: 0.00s, handshake: 2.08s)
[Licensing::IpcConnector] Successfully connected to: "LicenseClient-mdsor-notifications" at "2026-02-26T22:01:03.7820521Z"
[Licensing::Module] Licensing Background thread has ended after 2.09s
[Licensing::Module] Licensing is initialized (took 0.38s).
[Licensing::Client] Successfully resolved entitlement details
[Licensing::Module] License group:
  Id: F4-FKS3-TV66-SQGD-CT6R-XXXX
  Product: Unity Personal
  Type: ULF
  Expiration: Unlimited
[Licensing::Module] License group:
  Id: 6323804-UnityPersXXXX
  Product: Unity Personal
  Type: Assigned
  Expiration: Unlimited
Register platform support module: C:/Program Files/Unity/Hub/Editor/6000.3.7f1/Editor/Data/PlaybackEngines/MetroSupport/UnityEditor.UWP.Extensions.dll
Registered in 0.396292 seconds.
- Loaded All Assemblies, in  1.458 seconds
Native extension for UWP target not found
Native extension for WindowsStandalone target not found
ScheduleIndexationOnStartup MainProcess:False IndexOnStartup:True
Mono: successfully reloaded assembly
- Finished resetting the current domain, in  1.011 seconds
Domain Reload Profiling: 2460ms
	BeginReloadAssembly (341ms)
		ExecutionOrderSort (0ms)
		DisableScriptedObjects (0ms)
		BackupInstance (0ms)
		ReleaseScriptingObjects (0ms)
		CreateAndSetChildDomain (2ms)
	RebuildCommonClasses (103ms)
	RebuildNativeTypeToScriptingClass (27ms)
	initialDomainReloadingComplete (515ms)
	LoadAllAssembliesAndSetupDomain (463ms)
		LoadAssemblies (329ms)
		RebuildTransferFunctionScriptingTraits (0ms)
		AnalyzeDomain (455ms)
			TypeCache.Refresh (450ms)
				TypeCache.ScanAssembly (422ms)
			BuildScriptInfoCaches (0ms)
			ResolveRequiredComponents (2ms)
	FinalizeReload (1012ms)
		ReleaseScriptCaches (0ms)
		RebuildScriptCaches (0ms)
		SetupLoadedEditorAssemblies (892ms)
			LogAssemblyErrors (0ms)
			InitializePlatformSupportModulesInManaged (167ms)
			SetLoadedEditorAssemblies (10ms)
			BeforeProcessingInitializeOnLoad (169ms)
			ProcessInitializeOnLoadAttributes (385ms)
			ProcessInitializeOnLoadMethodAttributes (161ms)
			AfterProcessingInitializeOnLoad (0ms)
			EditorAssembliesLoaded (0ms)
		ExecutionOrderSort2 (0ms)
		AwakeInstancesAfterBackupRestoration (0ms)
========================================================================
Worker process is ready to serve import requests
Import Worker Mode flag is 0x00
Begin MonoManager ReloadAssembly
[Licensing::Client] Successfully resolved entitlement details
[Licensing::Module] License group:
  Id: F4-FKS3-TV66-SQGD-CT6R-XXXX
  Product: Unity Personal
  Type: ULF
  Expiration: Unlimited
[Licensing::Module] License group:
  Id: 6323804-UnityPersXXXX
  Product: Unity Personal
  Type: Assigned
  Expiration: Unlimited
- Loaded All Assemblies, in  2.184 seconds
Refreshing native plugins compatible for Editor in 2.73 ms, found 3 plugins.
Native extension for UWP target not found
Native extension for WindowsStandalone target not found
Package Manager log level set to [2]
[Package Manager] Failed to launch server process. Reason: Unity was launched with the -noUpm command-line argument
[Package Manager] Unable to send message (not connected to server process).
[Package Manager] Cannot connect to Unity Package Manager local server
ScheduleIndexationOnStartup MainProcess:False IndexOnStartup:True
Mono: successfully reloaded assembly
- Finished resetting the current domain, in  1.785 seconds
Domain Reload Profiling: 3955ms
	BeginReloadAssembly (451ms)
		ExecutionOrderSort (0ms)
		DisableScriptedObjects (26ms)
		BackupInstance (0ms)
		ReleaseScriptingObjects (0ms)
		CreateAndSetChildDomain (76ms)
	RebuildCommonClasses (111ms)
	RebuildNativeTypeToScriptingClass (43ms)
	initialDomainReloadingComplete (140ms)
	LoadAllAssembliesAndSetupDomain (1424ms)
		LoadAssemblies (962ms)
		RebuildTransferFunctionScriptingTraits (0ms)
		AnalyzeDomain (695ms)
			TypeCache.Refresh (554ms)
				TypeCache.ScanAssembly (521ms)
			BuildScriptInfoCaches (111ms)
			ResolveRequiredComponents (19ms)
	FinalizeReload (1785ms)
		ReleaseScriptCaches (0ms)
		RebuildScriptCaches (0ms)
		SetupLoadedEditorAssemblies (1491ms)
			LogAssemblyErrors (0ms)
			InitializePlatformSupportModulesInManaged (23ms)
			SetLoadedEditorAssemblies (5ms)
			BeforeProcessingInitializeOnLoad (335ms)
			ProcessInitializeOnLoadAttributes (976ms)
			ProcessInitializeOnLoadMethodAttributes (136ms)
			AfterProcessingInitializeOnLoad (16ms)
			EditorAssembliesLoaded (0ms)
		ExecutionOrderSort2 (0ms)
		AwakeInstancesAfterBackupRestoration (11ms)
Launched and connected shader compiler UnityShaderCompiler.exe after 0.04 seconds
Refreshing native plugins compatible for Editor in 11.65 ms, found 3 plugins.
Preloading 0 native plugins for Editor in 0.00 ms.
Unloading 0 Unused Serialized files (Serialized files now loaded: 0)
Unloading 4868 unused Assets / (2.2 MB). Loaded Objects now: 5497.
Memory consumption went from 99.1 MB to 96.9 MB.
Total: 20.495800 ms (FindLiveObjects: 1.591300 ms CreateObjectMapping: 1.366900 ms MarkObjects: 12.879400 ms  DeleteObjects: 4.654900 ms)

========================================================================
Received Import Request.
  Time since last request: 857396.425774 seconds.
  path: Assets/AddressableAssetsData/AssetGroups/Default Local Group.asset
  artifactKey: Guid(32b4ddc14d4c8f84e8198995b6b84d42) Importer(2089858483,b0f066a214c2f5e87bad3c948f4d605d)
Start importing Assets/AddressableAssetsData/AssetGroups/Default Local Group.asset using Guid(32b4ddc14d4c8f84e8198995b6b84d42) Importer(2089858483,b0f066a214c2f5e87bad3c948f4d605d) (ScriptedImporter) -> (artifact id: '14f521758b57c66e4d365ea7b7edbcfe') in 0.2457012 seconds
Number of updated asset objects reloaded before import = 0Number of asset objects unloaded after import = 1

========================================================================
Received Import Request.
  Time since last request: 238.106585 seconds.
  path: Assets/Objects/Entries/Entry_02.prefab
  artifactKey: Guid(d34f84e9002a0cb4a84cf4381c3eea0c) Importer(815301076,1909f56bfc062723c751e8b465ee728b)
Start importing Assets/Objects/Entries/Entry_02.prefab using Guid(d34f84e9002a0cb4a84cf4381c3eea0c) Importer(815301076,1909f56bfc062723c751e8b465ee728b) (PreviewImporter) -> (artifact id: 'b0f49ce891519e17131ee68bb98aa696') in 0.0424793 seconds
Number of updated asset objects reloaded before import = 0Number of asset objects unloaded after import = 6

========================================================================
Received Import Request.
  Time since last request: 0.900088 seconds.
  path: Assets/Objects/Entries/Entry_02.prefab
  artifactKey: Guid(d34f84e9002a0cb4a84cf4381c3eea0c) Importer(2089858483,b0f066a214c2f5e87bad3c948f4d605d)
Start importing Assets/Objects/Entries/Entry_02.prefab using Guid(d34f84e9002a0cb4a84cf4381c3eea0c) Importer(2089858483,b0f066a214c2f5e87bad3c948f4d605d) (ScriptedImporter) -> (artifact id: '575c29238f8f7449693fd7ce8f4d0b73') in 0.0323953 seconds
Number of updated asset objects reloaded before import = 0Number of asset objects unloaded after import = 6

========================================================================
Received Import Request.
  Time since last request: 11.301737 seconds.
  path: Assets/Objects/Entries/Entry_02.prefab
  artifactKey: Guid(d34f84e9002a0cb4a84cf4381c3eea0c) Importer(815301076,1909f56bfc062723c751e8b465ee728b)
Start importing Assets/Objects/Entries/Entry_02.prefab using Guid(d34f84e9002a0cb4a84cf4381c3eea0c) Importer(815301076,1909f56bfc062723c751e8b465ee728b) (PreviewImporter) -> (artifact id: 'a2b40257008d337ddcac117bd96eee85') in 0.0025476 seconds
Number of updated asset objects reloaded before import = 0Number of asset objects unloaded after import = 7

========================================================================
Received Import Request.
  Time since last request: 0.969933 seconds.
  path: Assets/Objects/Entries/Entry_02.prefab
  artifactKey: Guid(d34f84e9002a0cb4a84cf4381c3eea0c) Importer(2089858483,b0f066a214c2f5e87bad3c948f4d605d)
Start importing Assets/Objects/Entries/Entry_02.prefab using Guid(d34f84e9002a0cb4a84cf4381c3eea0c) Importer(2089858483,b0f066a214c2f5e87bad3c948f4d605d) (ScriptedImporter) -> (artifact id: 'a5416dae1e4950bd80599fbdcf8e4841') in 0.0167778 seconds
Number of updated asset objects reloaded before import = 0Number of asset objects unloaded after import = 7

========================================================================
Received Import Request.
  Time since last request: 49.665777 seconds.
  path: Assets/Objects/Entries/Entry_02.prefab
  artifactKey: Guid(d34f84e9002a0cb4a84cf4381c3eea0c) Importer(2089858483,b0f066a214c2f5e87bad3c948f4d605d)
Start importing Assets/Objects/Entries/Entry_02.prefab using Guid(d34f84e9002a0cb4a84cf4381c3eea0c) Importer(2089858483,b0f066a214c2f5e87bad3c948f4d605d) (ScriptedImporter) -> (artifact id: '2960d20a3befbdd2221cf56ca241de47') in 0.0158789 seconds
Number of updated asset objects reloaded before import = 0Number of asset objects unloaded after import = 7

========================================================================
Received Import Request.
  Time since last request: 6.123566 seconds.
  path: Assets/Objects/Entries/Entry_03 1.prefab
  artifactKey: Guid(8cf40dc1eefd38045aa289f0c85e221b) Importer(815301076,1909f56bfc062723c751e8b465ee728b)
Start importing Assets/Objects/Entries/Entry_03 1.prefab using Guid(8cf40dc1eefd38045aa289f0c85e221b) Importer(815301076,1909f56bfc062723c751e8b465ee728b) (PreviewImporter) -> (artifact id: '88e8add0f1f124ff0767646b50d2c8ac') in 0.0022035 seconds
Number of updated asset objects reloaded before import = 0Number of asset objects unloaded after import = 6

========================================================================
Received Import Request.
  Time since last request: 0.979175 seconds.
  path: Assets/Objects/Entries/Entry_03 1.prefab
  artifactKey: Guid(8cf40dc1eefd38045aa289f0c85e221b) Importer(2089858483,b0f066a214c2f5e87bad3c948f4d605d)
Start importing Assets/Objects/Entries/Entry_03 1.prefab using Guid(8cf40dc1eefd38045aa289f0c85e221b) Importer(2089858483,b0f066a214c2f5e87bad3c948f4d605d) (ScriptedImporter) -> (artifact id: '13a8fcd439297b2602a8a48eafe988aa') in 0.0144139 seconds
Number of updated asset objects reloaded before import = 0Number of asset objects unloaded after import = 6

========================================================================
Received Import Request.
  Time since last request: 4.683573 seconds.
  path: Assets/Objects/Entries/Entry_04.prefab
  artifactKey: Guid(8cf40dc1eefd38045aa289f0c85e221b) Importer(815301076,1909f56bfc062723c751e8b465ee728b)
Start importing Assets/Objects/Entries/Entry_04.prefab using Guid(8cf40dc1eefd38045aa289f0c85e221b) Importer(815301076,1909f56bfc062723c751e8b465ee728b) (PreviewImporter) -> (artifact id: '8e0560293aa13f03ad174fb35dc33fd3') in 0.0022627 seconds
Number of updated asset objects reloaded before import = 0Number of asset objects unloaded after import = 6

========================================================================
Received Import Request.
  Time since last request: 0.956773 seconds.
  path: Assets/Objects/Entries/Entry_04.prefab
  artifactKey: Guid(8cf40dc1eefd38045aa289f0c85e221b) Importer(2089858483,b0f066a214c2f5e87bad3c948f4d605d)
Start importing Assets/Objects/Entries/Entry_04.prefab using Guid(8cf40dc1eefd38045aa289f0c85e221b) Importer(2089858483,b0f066a214c2f5e87bad3c948f4d605d) (ScriptedImporter) -> (artifact id: '6f9947e082c2e9112e0e87b4c2fca88a') in 0.0139177 seconds
Number of updated asset objects reloaded before import = 0Number of asset objects unloaded after import = 6

========================================================================
Received Import Request.
  Time since last request: 37.430027 seconds.
  path: Assets/Objects/Entries/Entry_04.prefab
  artifactKey: Guid(8cf40dc1eefd38045aa289f0c85e221b) Importer(815301076,1909f56bfc062723c751e8b465ee728b)
Start importing Assets/Objects/Entries/Entry_04.prefab using Guid(8cf40dc1eefd38045aa289f0c85e221b) Importer(815301076,1909f56bfc062723c751e8b465ee728b) (PreviewImporter) -> (artifact id: '20fd9f1f01cd07411e6e95a63b2f5769') in 0.0021097 seconds
Number of updated asset objects reloaded before import = 0Number of asset objects unloaded after import = 6

========================================================================
Received Import Request.
  Time since last request: 0.972440 seconds.
  path: Assets/Objects/Entries/Entry_04.prefab
  artifactKey: Guid(8cf40dc1eefd38045aa289f0c85e221b) Importer(2089858483,b0f066a214c2f5e87bad3c948f4d605d)
Start importing Assets/Objects/Entries/Entry_04.prefab using Guid(8cf40dc1eefd38045aa289f0c85e221b) Importer(2089858483,b0f066a214c2f5e87bad3c948f4d605d) (ScriptedImporter) -> (artifact id: '722d6f4d58aac9dd1bdcf20d5b1363db') in 0.0132203 seconds
Number of updated asset objects reloaded before import = 0Number of asset objects unloaded after import = 6

========================================================================
Received Import Request.
  Time since last request: 11.254146 seconds.
  path: Assets/Objects/Encounters
  artifactKey: Guid(597564fd7b1caa746aa5c8c123d2c774) Importer(815301076,1909f56bfc062723c751e8b465ee728b)
Start importing Assets/Objects/Encounters using Guid(597564fd7b1caa746aa5c8c123d2c774) Importer(815301076,1909f56bfc062723c751e8b465ee728b) (PreviewImporter) -> (artifact id: '9d27369045f1c9e5d19905b99ef58822') in 0.0006414 seconds
Number of updated asset objects reloaded before import = 0Number of asset objects unloaded after import = 0

========================================================================
Received Import Request.
  Time since last request: 0.967204 seconds.
  path: Assets/Objects/Encounters
  artifactKey: Guid(597564fd7b1caa746aa5c8c123d2c774) Importer(2089858483,b0f066a214c2f5e87bad3c948f4d605d)
Start importing Assets/Objects/Encounters using Guid(597564fd7b1caa746aa5c8c123d2c774) Importer(2089858483,b0f066a214c2f5e87bad3c948f4d605d) (ScriptedImporter) -> (artifact id: 'e4f786b3d9910dce347ad5753f1d5e43') in 0.0130701 seconds
Number of updated asset objects reloaded before import = 0Number of asset objects unloaded after import = 1

========================================================================
Received Import Request.
  Time since last request: 24.543545 seconds.
  path: Assets/Objects/Encounters/Encounter_01.prefab
  artifactKey: Guid(f04939f54618d5045959becb702dde1b) Importer(815301076,1909f56bfc062723c751e8b465ee728b)
Start importing Assets/Objects/Encounters/Encounter_01.prefab using Guid(f04939f54618d5045959becb702dde1b) Importer(815301076,1909f56bfc062723c751e8b465ee728b) (PreviewImporter) -> (artifact id: 'ca9fc3b4a8246435105dd739ac533d85') in 0.0025643 seconds
Number of updated asset objects reloaded before import = 0Number of asset objects unloaded after import = 4

========================================================================
Received Import Request.
  Time since last request: 0.978305 seconds.
  path: Assets/Objects/Encounters/Encounter_01.prefab
  artifactKey: Guid(f04939f54618d5045959becb702dde1b) Importer(2089858483,b0f066a214c2f5e87bad3c948f4d605d)
Start importing Assets/Objects/Encounters/Encounter_01.prefab using Guid(f04939f54618d5045959becb702dde1b) Importer(2089858483,b0f066a214c2f5e87bad3c948f4d605d) (ScriptedImporter) -> (artifact id: 'dce2e19f119b218e9b190a86610ae97a') in 0.0136868 seconds
Number of updated asset objects reloaded before import = 0Number of asset objects unloaded after import = 4

========================================================================
Received Import Request.
  Time since last request: 32.764276 seconds.
  path: Assets/Objects/Encounters/Encounter_01.prefab
  artifactKey: Guid(f04939f54618d5045959becb702dde1b) Importer(815301076,1909f56bfc062723c751e8b465ee728b)
Start importing Assets/Objects/Encounters/Encounter_01.prefab using Guid(f04939f54618d5045959becb702dde1b) Importer(815301076,1909f56bfc062723c751e8b465ee728b) (PreviewImporter) -> (artifact id: 'fab9c7c1032cd22b93ff3da12bb74768') in 0.0025241 seconds
Number of updated asset objects reloaded before import = 0Number of asset objects unloaded after import = 5

========================================================================
Received Import Request.
  Time since last request: 0.951647 seconds.
  path: Assets/Objects/Encounters/Encounter_01.prefab
  artifactKey: Guid(f04939f54618d5045959becb702dde1b) Importer(2089858483,b0f066a214c2f5e87bad3c948f4d605d)
Start importing Assets/Objects/Encounters/Encounter_01.prefab using Guid(f04939f54618d5045959becb702dde1b) Importer(2089858483,b0f066a214c2f5e87bad3c948f4d605d) (ScriptedImporter) -> (artifact id: '0582136f29290369205ce36c8b0bc0fa') in 0.0202646 seconds
Number of updated asset objects reloaded before import = 0Number of asset objects unloaded after import = 5

========================================================================
Received Import Request.
  Time since last request: 15.888188 seconds.
  path: Assets/Objects/Encounters/Encounter_01.prefab
  artifactKey: Guid(f04939f54618d5045959becb702dde1b) Importer(815301076,1909f56bfc062723c751e8b465ee728b)
Start importing Assets/Objects/Encounters/Encounter_01.prefab using Guid(f04939f54618d5045959becb702dde1b) Importer(815301076,1909f56bfc062723c751e8b465ee728b) (PreviewImporter) -> (artifact id: '7b4708b872624fa69e022c6501b595bf') in 0.0022243 seconds
Number of updated asset objects reloaded before import = 0Number of asset objects unloaded after import = 5

========================================================================
Received Import Request.
  Time since last request: 0.978810 seconds.
  path: Assets/Objects/Encounters/Encounter_01.prefab
  artifactKey: Guid(f04939f54618d5045959becb702dde1b) Importer(2089858483,b0f066a214c2f5e87bad3c948f4d605d)
Start importing Assets/Objects/Encounters/Encounter_01.prefab using Guid(f04939f54618d5045959becb702dde1b) Importer(2089858483,b0f066a214c2f5e87bad3c948f4d605d) (ScriptedImporter) -> (artifact id: '743a2a543a53d7298b7fca0a58419760') in 0.0148628 seconds
Number of updated asset objects reloaded before import = 0Number of asset objects unloaded after import = 5

========================================================================
Received Import Request.
  Time since last request: 39.692828 seconds.
  path: Assets/AddressableAssetsData/AssetGroups/Default Local Group.asset
  artifactKey: Guid(32b4ddc14d4c8f84e8198995b6b84d42) Importer(2089858483,b0f066a214c2f5e87bad3c948f4d605d)
Start importing Assets/AddressableAssetsData/AssetGroups/Default Local Group.asset using Guid(32b4ddc14d4c8f84e8198995b6b84d42) Importer(2089858483,b0f066a214c2f5e87bad3c948f4d605d) (ScriptedImporter) -> (artifact id: '42bc4f6d6872b4589fe89fa65c77dc59') in 0.0167029 seconds
Number of updated asset objects reloaded before import = 1Number of asset objects unloaded after import = 1

========================================================================
Received Import Request.
  Time since last request: 11.879655 seconds.
  path: Assets/Scenes/Encounter.unity
  artifactKey: Guid(5ed33f38acbf93a4cb2c08f2d942b644) Importer(815301076,1909f56bfc062723c751e8b465ee728b)
Start importing Assets/Scenes/Encounter.unity using Guid(5ed33f38acbf93a4cb2c08f2d942b644) Importer(815301076,1909f56bfc062723c751e8b465ee728b) (PreviewImporter) -> (artifact id: '1a2cdd67289ef599f423a65bbf65e8d1') in 0.0007354 seconds
Number of updated asset objects reloaded before import = 0Number of asset objects unloaded after import = 0

========================================================================
Received Import Request.
  Time since last request: 0.969896 seconds.
  path: Assets/Scenes/Encounter.unity
  artifactKey: Guid(5ed33f38acbf93a4cb2c08f2d942b644) Importer(2089858483,b0f066a214c2f5e87bad3c948f4d605d)
Start importing Assets/Scenes/Encounter.unity using Guid(5ed33f38acbf93a4cb2c08f2d942b644) Importer(2089858483,b0f066a214c2f5e87bad3c948f4d605d) (ScriptedImporter) -> (artifact id: '3a0e03dfc07258e341ed88d1d16caa68') in 0.0143705 seconds
Number of updated asset objects reloaded before import = 0Number of asset objects unloaded after import = 1

========================================================================
Received Import Request.
  Time since last request: 74.534447 seconds.
  path: Assets/Scenes/Encounter.unity
  artifactKey: Guid(5ed33f38acbf93a4cb2c08f2d942b644) Importer(2089858483,b0f066a214c2f5e87bad3c948f4d605d)
Start importing Assets/Scenes/Encounter.unity using Guid(5ed33f38acbf93a4cb2c08f2d942b644) Importer(2089858483,b0f066a214c2f5e87bad3c948f4d605d) (ScriptedImporter) -> (artifact id: 'faac0e5e2cdd1ff550767eeb94683a44') in 0.0154089 seconds
Number of updated asset objects reloaded before import = 0Number of asset objects unloaded after import = 1

========================================================================
Received Prepare
Begin MonoManager ReloadAssembly
[Licensing::Client] Successfully resolved entitlement details
[Licensing::Module] License group:
  Id: F4-FKS3-TV66-SQGD-CT6R-XXXX
  Product: Unity Personal
  Type: ULF
  Expiration: Unlimited
[Licensing::Module] License group:
  Id: 6323804-UnityPersXXXX
  Product: Unity Personal
  Type: Assigned
  Expiration: Unlimited
- Loaded All Assemblies, in  0.963 seconds
Refreshing native plugins compatible for Editor in 1.44 ms, found 3 plugins.
Native extension for UWP target not found
Native extension for WindowsStandalone target not found
[Package Manager] Failed to launch server process. Reason: Unity was launched with the -noUpm command-line argument
[Package Manager] Unable to send message (not connected to server process).
[Package Manager] Cannot connect to Unity Package Manager local server
ScheduleIndexationOnStartup MainProcess:False IndexOnStartup:True
Mono: successfully reloaded assembly
- Finished resetting the current domain, in  1.148 seconds
Domain Reload Profiling: 2109ms
	BeginReloadAssembly (308ms)
		ExecutionOrderSort (0ms)
		DisableScriptedObjects (12ms)
		BackupInstance (0ms)
		ReleaseScriptingObjects (0ms)
		CreateAndSetChildDomain (71ms)
	RebuildCommonClasses (51ms)
	RebuildNativeTypeToScriptingClass (23ms)
	initialDomainReloadingComplete (41ms)
	LoadAllAssembliesAndSetupDomain (538ms)
		LoadAssemblies (449ms)
		RebuildTransferFunctionScriptingTraits (0ms)
		AnalyzeDomain (244ms)
			TypeCache.Refresh (9ms)
				TypeCache.ScanAssembly (0ms)
			BuildScriptInfoCaches (220ms)
			ResolveRequiredComponents (10ms)
	FinalizeReload (1149ms)
		ReleaseScriptCaches (0ms)
		RebuildScriptCaches (0ms)
		SetupLoadedEditorAssemblies (934ms)
			LogAssemblyErrors (0ms)
			InitializePlatformSupportModulesInManaged (19ms)
			SetLoadedEditorAssemblies (6ms)
			BeforeProcessingInitializeOnLoad (253ms)
			ProcessInitializeOnLoadAttributes (559ms)
			ProcessInitializeOnLoadMethodAttributes (89ms)
			AfterProcessingInitializeOnLoad (9ms)
			EditorAssembliesLoaded (0ms)
		ExecutionOrderSort2 (0ms)
		AwakeInstancesAfterBackupRestoration (12ms)
Refreshing native plugins compatible for Editor in 3.11 ms, found 3 plugins.
Preloading 0 native plugins for Editor in 0.00 ms.
Unloading 0 Unused Serialized files (Serialized files now loaded: 0)
Unloading 4866 unused Assets / (1.4 MB). Loaded Objects now: 5504.
Memory consumption went from 100.2 MB to 98.8 MB.
Total: 13.291300 ms (FindLiveObjects: 0.849800 ms CreateObjectMapping: 1.308400 ms MarkObjects: 8.545000 ms  DeleteObjects: 2.585500 ms)

Prepare: number of updated asset objects reloaded= 0
========================================================================
Received Import Request.
  Time since last request: 68.589886 seconds.
  path: Assets/Objects/Entries/Entry_02.prefab
  artifactKey: Guid(d34f84e9002a0cb4a84cf4381c3eea0c) Importer(815301076,1909f56bfc062723c751e8b465ee728b)
Start importing Assets/Objects/Entries/Entry_02.prefab using Guid(d34f84e9002a0cb4a84cf4381c3eea0c) Importer(815301076,1909f56bfc062723c751e8b465ee728b) (PreviewImporter) -> (artifact id: '1a0032894b9aeeb5c71f06486794f314') in 0.0435015 seconds
Number of updated asset objects reloaded before import = 0Number of asset objects unloaded after import = 7

========================================================================
Received Prepare
Begin MonoManager ReloadAssembly
- Loaded All Assemblies, in  1.021 seconds
Refreshing native plugins compatible for Editor in 2.33 ms, found 3 plugins.
Native extension for UWP target not found
Native extension for WindowsStandalone target not found
[Package Manager] Failed to launch server process. Reason: Unity was launched with the -noUpm command-line argument
[Package Manager] Unable to send message (not connected to server process).
[Package Manager] Cannot connect to Unity Package Manager local server
ScheduleIndexationOnStartup MainProcess:False IndexOnStartup:True
Mono: successfully reloaded assembly
- Finished resetting the current domain, in  1.118 seconds
Domain Reload Profiling: 2140ms
	BeginReloadAssembly (306ms)
		ExecutionOrderSort (0ms)
		DisableScriptedObjects (8ms)
		BackupInstance (0ms)
		ReleaseScriptingObjects (0ms)
		CreateAndSetChildDomain (69ms)
	RebuildCommonClasses (61ms)
	RebuildNativeTypeToScriptingClass (21ms)
	initialDomainReloadingComplete (45ms)
	LoadAllAssembliesAndSetupDomain (587ms)
		LoadAssemblies (463ms)
		RebuildTransferFunctionScriptingTraits (0ms)
		AnalyzeDomain (270ms)
			TypeCache.Refresh (8ms)
				TypeCache.ScanAssembly (0ms)
			BuildScriptInfoCaches (247ms)
			ResolveRequiredComponents (11ms)
	FinalizeReload (1119ms)
		ReleaseScriptCaches (0ms)
		RebuildScriptCaches (0ms)
		SetupLoadedEditorAssemblies (926ms)
			LogAssemblyErrors (0ms)
			InitializePlatformSupportModulesInManaged (19ms)
			SetLoadedEditorAssemblies (7ms)
			BeforeProcessingInitializeOnLoad (246ms)
			ProcessInitializeOnLoadAttributes (555ms)
			ProcessInitializeOnLoadMethodAttributes (87ms)
			AfterProcessingInitializeOnLoad (11ms)
			EditorAssembliesLoaded (0ms)
		ExecutionOrderSort2 (0ms)
		AwakeInstancesAfterBackupRestoration (14ms)
Refreshing native plugins compatible for Editor in 1.81 ms, found 3 plugins.
Preloading 0 native plugins for Editor in 0.00 ms.
Unloading 0 Unused Serialized files (Serialized files now loaded: 0)
Unloading 4866 unused Assets / (1.3 MB). Loaded Objects now: 5508.
Memory consumption went from 100.2 MB to 98.9 MB.
Total: 12.345900 ms (FindLiveObjects: 0.872000 ms CreateObjectMapping: 0.789900 ms MarkObjects: 8.846800 ms  DeleteObjects: 1.835300 ms)

Prepare: number of updated asset objects reloaded= 0
========================================================================
Received Import Request.
  Time since last request: 198.633737 seconds.
  path: Assets/Scenes/Encounter.unity
  artifactKey: Guid(5ed33f38acbf93a4cb2c08f2d942b644) Importer(815301076,1909f56bfc062723c751e8b465ee728b)
Start importing Assets/Scenes/Encounter.unity using Guid(5ed33f38acbf93a4cb2c08f2d942b644) Importer(815301076,1909f56bfc062723c751e8b465ee728b) (PreviewImporter) -> (artifact id: 'fe5c01be22d662c7fb8b90f8809d1aed') in 0.0036224 seconds
Number of updated asset objects reloaded before import = 0Number of asset objects unloaded after import = 0

========================================================================
Received Prepare
Begin MonoManager ReloadAssembly
[Licensing::Client] Successfully resolved entitlement details
[Licensing::Module] License group:
  Id: F4-FKS3-TV66-SQGD-CT6R-XXXX
  Product: Unity Personal
  Type: ULF
  Expiration: Unlimited
[Licensing::Module] License group:
  Id: 6323804-UnityPersXXXX
  Product: Unity Personal
  Type: Assigned
  Expiration: Unlimited
- Loaded All Assemblies, in  1.136 seconds
Refreshing native plugins compatible for Editor in 2.31 ms, found 3 plugins.
Native extension for UWP target not found
Native extension for WindowsStandalone target not found
[Package Manager] Failed to launch server process. Reason: Unity was launched with the -noUpm command-line argument
[Package Manager] Unable to send message (not connected to server process).
[Package Manager] Cannot connect to Unity Package Manager local server
ScheduleIndexationOnStartup MainProcess:False IndexOnStartup:True
Mono: successfully reloaded assembly
- Finished resetting the current domain, in  1.412 seconds
Domain Reload Profiling: 2544ms
	BeginReloadAssembly (325ms)
		ExecutionOrderSort (0ms)
		DisableScriptedObjects (13ms)
		BackupInstance (0ms)
		ReleaseScriptingObjects (0ms)
		CreateAndSetChildDomain (64ms)
	RebuildCommonClasses (72ms)
	RebuildNativeTypeToScriptingClass (33ms)
	initialDomainReloadingComplete (52ms)
	LoadAllAssembliesAndSetupDomain (650ms)
		LoadAssemblies (532ms)
		RebuildTransferFunctionScriptingTraits (0ms)
		AnalyzeDomain (282ms)
			TypeCache.Refresh (9ms)
				TypeCache.ScanAssembly (0ms)
			BuildScriptInfoCaches (258ms)
			ResolveRequiredComponents (9ms)
	FinalizeReload (1413ms)
		ReleaseScriptCaches (0ms)
		RebuildScriptCaches (0ms)
		SetupLoadedEditorAssemblies (1144ms)
			LogAssemblyErrors (0ms)
			InitializePlatformSupportModulesInManaged (23ms)
			SetLoadedEditorAssemblies (7ms)
			BeforeProcessingInitializeOnLoad (336ms)
			ProcessInitializeOnLoadAttributes (642ms)
			ProcessInitializeOnLoadMethodAttributes (120ms)
			AfterProcessingInitializeOnLoad (15ms)
			EditorAssembliesLoaded (0ms)
		ExecutionOrderSort2 (0ms)
		AwakeInstancesAfterBackupRestoration (16ms)
Refreshing native plugins compatible for Editor in 1.67 ms, found 3 plugins.
Preloading 0 native plugins for Editor in 0.00 ms.
Unloading 0 Unused Serialized files (Serialized files now loaded: 0)
Unloading 4866 unused Assets / (1.8 MB). Loaded Objects now: 5512.
Memory consumption went from 100.2 MB to 98.4 MB.
Total: 13.956400 ms (FindLiveObjects: 0.936800 ms CreateObjectMapping: 1.045000 ms MarkObjects: 9.177300 ms  DeleteObjects: 2.795200 ms)

Prepare: number of updated asset objects reloaded= 0
